---
source: tests/lexer/mod.rs
expression: result
input_file: tests/lexer/inputs/simple.po
---
[ (000..005)	kCLASS ]
[ (006..013)	tIDENTIFIER Program]
[ (014..016)	kIS ]
[ (021..025)	kTHIS ]
[ (025..026)	tLPAREN ]
[ (026..027)	tRPAREN ]
[ (028..030)	kIS ]
[ (039..042)	kVAR ]
[ (043..046)	tIDENTIFIER sum]
[ (046..047)	tCOLON ]
[ (048..055)	tIDENTIFIER Integer]
[ (055..056)	tLPAREN ]
[ (056..057)	tINTEGER 0]
[ (057..058)	tRPAREN ]
[ (067..070)	kVAR ]
[ (071..076)	tIDENTIFIER limit]
[ (076..077)	tCOLON ]
[ (078..085)	tIDENTIFIER Integer]
[ (085..086)	tLPAREN ]
[ (086..088)	tINTEGER 10]
[ (088..089)	tRPAREN ]
[ (098..101)	kVAR ]
[ (102..103)	tIDENTIFIER i]
[ (104..106)	kIS ]
[ (107..108)	tINTEGER 0]
[ (117..122)	kWHILE ]
[ (123..124)	tIDENTIFIER i]
[ (124..125)	tDOT ]
[ (125..129)	tIDENTIFIER Less]
[ (129..130)	tLPAREN ]
[ (130..135)	tIDENTIFIER limit]
[ (135..136)	tRPAREN ]
[ (137..141)	kLOOP ]
[ (154..156)	kIF ]
[ (157..158)	tIDENTIFIER i]
[ (158..159)	tDOT ]
[ (159..162)	tIDENTIFIER Rem]
[ (162..163)	tLPAREN ]
[ (163..164)	tINTEGER 2]
[ (164..165)	tRPAREN ]
[ (165..166)	tDOT ]
[ (166..171)	tIDENTIFIER Equal]
[ (171..172)	tLPAREN ]
[ (172..173)	tINTEGER 0]
[ (173..174)	tRPAREN ]
[ (175..179)	kTHEN ]
[ (196..199)	tIDENTIFIER sum]
[ (200..202)	tASSIGN ]
[ (203..206)	tIDENTIFIER sum]
[ (206..207)	tDOT ]
[ (207..211)	tIDENTIFIER Plus]
[ (211..212)	tLPAREN ]
[ (212..213)	tIDENTIFIER i]
[ (213..214)	tRPAREN ]
[ (227..230)	kEND ]
[ (239..242)	kEND ]
[ (251..257)	kRETURN ]
[ (258..261)	tIDENTIFIER sum]
[ (266..269)	kEND ]
[ (270..273)	kEND ]
[ (274..274)	EOF ]
