---
source: tests/lexer/mod.rs
expression: result
input_file: tests/lexer/inputs/simple copy.po
---
[ (000..005)	kCLASS ]
[ (006..013)	tIDENTIFIER Program]
[ (014..016)	kIS ]
[ (021..025)	kTHIS ]
[ (025..026)	tLPAREN ]
[ (026..027)	tIDENTIFIER x]
[ (027..028)	tCOLON ]
[ (029..036)	tIDENTIFIER Integer]
[ (036..037)	tRPAREN ]
[ (037..038)	tCOLON ]
[ (039..046)	tIDENTIFIER Integer]
[ (047..049)	kIS ]
[ (058..061)	kVAR ]
[ (062..063)	tIDENTIFIER y]
[ (064..066)	tASSIGN ]
[ (067..068)	tINTEGER 3]
[ (077..080)	kVAR ]
[ (081..082)	tIDENTIFIER z]
[ (083..085)	tASSIGN ]
[ (086..093)	tIDENTIFIER Integer]
[ (093..094)	tLPAREN ]
[ (094..095)	tINTEGER 5]
[ (095..096)	tRPAREN ]
[ (105..111)	kRETURN ]
[ (112..113)	tIDENTIFIER x]
[ (113..114)	tDOT ]
[ (114..118)	tIDENTIFIER Mult]
[ (118..119)	tLPAREN ]
[ (119..120)	tIDENTIFIER y]
[ (120..121)	tRPAREN ]
[ (121..122)	tDOT ]
[ (122..127)	tIDENTIFIER Minus]
[ (127..128)	tLPAREN ]
[ (128..129)	tIDENTIFIER z]
[ (129..130)	tRPAREN ]
[ (135..138)	kEND ]
[ (139..142)	kEND ]
[ (142..142)	EOF ]
