---
source: tests/lexer/mod.rs
expression: result
input_file: tests/lexer/inputs/invalids.po
---
[ (000..005)	kCLASS ]
[ (006..010)	tIDENTIFIER Base]
[ (011..013)	kIS ]
[ (014..017)	kEND ]
[ (019..024)	kCLASS ]
[ (025..032)	tIDENTIFIER Derived]
[ (033..040)	kEXTENDS ]
[ (041..045)	tIDENTIFIER Base]
[ (046..048)	kIS ]
[ (049..052)	kEND ]
[ (054..059)	kCLASS ]
[ (060..073)	tIDENTIFIER DoublyDerived]
[ (074..081)	kEXTENDS ]
[ (082..089)	tIDENTIFIER Derived]
[ (090..092)	kIS ]
[ (093..096)	kEND ]
[ (098..103)	kCLASS ]
[ (104..114)	tIDENTIFIER NotDerived]
[ (115..117)	kIS ]
[ (118..121)	kEND ]
[ (123..128)	kCLASS ]
[ (129..136)	tIDENTIFIER Program]
[ (137..139)	kIS ]
[ (144..150)	kMETHOD ]
[ (151..166)	tIDENTIFIER IncorrectReturn]
[ (166..167)	tLPAREN ]
[ (167..168)	tRPAREN ]
[ (168..169)	tCOLON ]
[ (170..177)	tIDENTIFIER Boolean]
[ (178..180)	tARROW ]
[ (181..182)	tINTEGER 1]
[ (187..193)	kMETHOD ]
[ (194..210)	tIDENTIFIER IncorrectReturn2]
[ (210..211)	tLPAREN ]
[ (211..212)	tRPAREN ]
[ (212..213)	tCOLON ]
[ (214..221)	tIDENTIFIER Integer]
[ (222..224)	kIS ]
[ (233..239)	kRETURN ]
[ (240..244)	tIDENTIFIER true]
[ (249..252)	kEND ]
[ (257..263)	kMETHOD ]
[ (264..280)	tIDENTIFIER IncorrectReturn3]
[ (280..281)	tLPAREN ]
[ (281..282)	tRPAREN ]
[ (283..285)	kIS ]
[ (294..300)	kRETURN ]
[ (301..304)	tFLOAT 1]
[ (309..312)	kEND ]
[ (317..323)	kMETHOD ]
[ (324..340)	tIDENTIFIER IncorrectReturn4]
[ (340..341)	tLPAREN ]
[ (341..342)	tRPAREN ]
[ (342..343)	tCOLON ]
[ (344..348)	tIDENTIFIER real]
[ (349..351)	kIS ]
[ (360..366)	kRETURN ]
[ (371..374)	kEND ]
[ (380..386)	kMETHOD ]
[ (387..394)	tIDENTIFIER IntOnly]
[ (394..395)	tLPAREN ]
[ (395..398)	tIDENTIFIER num]
[ (398..399)	tCOLON ]
[ (400..407)	tIDENTIFIER Integer]
[ (407..408)	tRPAREN ]
[ (409..411)	kIS ]
[ (416..419)	kEND ]
[ (425..431)	kMETHOD ]
[ (432..440)	tIDENTIFIER TakeBase]
[ (440..441)	tLPAREN ]
[ (441..445)	tIDENTIFIER item]
[ (445..446)	tCOLON ]
[ (447..451)	tIDENTIFIER Base]
[ (451..452)	tRPAREN ]
[ (453..455)	kIS ]
[ (460..463)	kEND ]
[ (469..475)	kMETHOD ]
[ (476..487)	tIDENTIFIER DerivedOnly]
[ (487..488)	tLPAREN ]
[ (488..492)	tIDENTIFIER item]
[ (492..493)	tCOLON ]
[ (494..501)	tIDENTIFIER Derived]
[ (501..502)	tRPAREN ]
[ (503..505)	kIS ]
[ (510..513)	kEND ]
[ (519..523)	kTHIS ]
[ (523..524)	tLPAREN ]
[ (524..525)	tRPAREN ]
[ (526..528)	kIS ]
[ (537..544)	tIDENTIFIER IntOnly]
[ (544..545)	tLPAREN ]
[ (545..549)	tIDENTIFIER true]
[ (549..550)	tRPAREN ]
[ (587..595)	tIDENTIFIER TakeBase]
[ (595..596)	tLPAREN ]
[ (596..600)	tIDENTIFIER Base]
[ (600..601)	tLPAREN ]
[ (601..602)	tRPAREN ]
[ (602..603)	tRPAREN ]
[ (618..626)	tIDENTIFIER TakeBase]
[ (626..627)	tLPAREN ]
[ (627..634)	tIDENTIFIER Derived]
[ (634..635)	tLPAREN ]
[ (635..636)	tRPAREN ]
[ (636..637)	tRPAREN ]
[ (652..660)	tIDENTIFIER TakeBase]
[ (660..661)	tLPAREN ]
[ (661..674)	tIDENTIFIER DoublyDerived]
[ (674..675)	tLPAREN ]
[ (675..676)	tRPAREN ]
[ (676..677)	tRPAREN ]
[ (692..700)	tIDENTIFIER TakeBase]
[ (700..701)	tLPAREN ]
[ (701..711)	tIDENTIFIER NotDerived]
[ (711..712)	tLPAREN ]
[ (712..713)	tRPAREN ]
[ (713..714)	tRPAREN ]
[ (751..762)	tIDENTIFIER DerivedOnly]
[ (762..763)	tLPAREN ]
[ (763..770)	tIDENTIFIER Derived]
[ (770..771)	tLPAREN ]
[ (771..772)	tRPAREN ]
[ (772..773)	tRPAREN ]
[ (788..799)	tIDENTIFIER DerivedOnly]
[ (799..800)	tLPAREN ]
[ (800..813)	tIDENTIFIER DoublyDerived]
[ (813..814)	tLPAREN ]
[ (814..815)	tRPAREN ]
[ (815..816)	tRPAREN ]
[ (831..842)	tIDENTIFIER DerivedOnly]
[ (842..843)	tLPAREN ]
[ (843..847)	tIDENTIFIER Base]
[ (847..848)	tLPAREN ]
[ (848..849)	tRPAREN ]
[ (849..850)	tRPAREN ]
[ (882..885)	kEND ]
[ (886..889)	kEND ]
[ (889..889)	EOF ]
