---
source: tests/lexer/mod.rs
expression: result
input_file: tests/lexer/inputs/parent.po
---
[ (000..005)	kCLASS ]
[ (006..012)	tIDENTIFIER Parent]
[ (013..015)	kIS ]
[ (020..023)	kVAR ]
[ (024..029)	tIDENTIFIER value]
[ (029..030)	tCOLON ]
[ (031..038)	tIDENTIFIER Integer]
[ (038..039)	tLPAREN ]
[ (039..040)	tINTEGER 1]
[ (040..041)	tRPAREN ]
[ (047..051)	kTHIS ]
[ (051..052)	tLPAREN ]
[ (052..053)	tRPAREN ]
[ (054..056)	kIS ]
[ (065..069)	kTHIS ]
[ (069..070)	tDOT ]
[ (070..075)	tIDENTIFIER value]
[ (076..078)	tASSIGN ]
[ (079..080)	tINTEGER 2]
[ (085..088)	kEND ]
[ (089..092)	kEND ]
[ (094..099)	kCLASS ]
[ (100..105)	tIDENTIFIER Child]
[ (106..113)	kEXTENDS ]
[ (114..120)	tIDENTIFIER Parent]
[ (121..123)	kIS ]
[ (124..127)	kEND ]
[ (129..134)	kCLASS ]
[ (135..142)	tIDENTIFIER Program]
[ (143..145)	kIS ]
[ (150..154)	kTHIS ]
[ (154..155)	tLPAREN ]
[ (155..156)	tRPAREN ]
[ (157..159)	kIS ]
[ (168..171)	kVAR ]
[ (172..176)	tIDENTIFIER item]
[ (176..177)	tCOLON ]
[ (178..183)	tIDENTIFIER Child]
[ (183..184)	tLPAREN ]
[ (184..185)	tRPAREN ]
[ (194..200)	kRETURN ]
[ (201..205)	tIDENTIFIER item]
[ (205..206)	tDOT ]
[ (206..211)	tIDENTIFIER value]
[ (229..232)	kEND ]
[ (233..236)	kEND ]
[ (236..236)	EOF ]
