---
source: tests/lexer/mod.rs
expression: result
input_file: tests/lexer/inputs/maxint.po
---
[ (000..005)	kCLASS ]
[ (006..013)	tIDENTIFIER Program]
[ (014..016)	kIS ]
[ (021..027)	kMETHOD ]
[ (028..034)	tIDENTIFIER MaxInt]
[ (034..035)	tLPAREN ]
[ (035..036)	tIDENTIFIER a]
[ (036..037)	tCOLON ]
[ (038..046)	tIDENTIFIER IntArray]
[ (046..047)	tRPAREN ]
[ (048..049)	tCOLON ]
[ (050..057)	tIDENTIFIER Integer]
[ (063..067)	kTHIS ]
[ (067..068)	tLPAREN ]
[ (068..069)	tRPAREN ]
[ (070..072)	kIS ]
[ (081..084)	kVAR ]
[ (085..088)	tIDENTIFIER arr]
[ (089..090)	tCOLON ]
[ (091..099)	tIDENTIFIER IntArray]
[ (099..100)	tLPAREN ]
[ (100..101)	tINTEGER 5]
[ (101..102)	tRPAREN ]
[ (111..114)	tIDENTIFIER arr]
[ (114..115)	tDOT ]
[ (115..118)	tIDENTIFIER set]
[ (118..119)	tLPAREN ]
[ (119..120)	tINTEGER 0]
[ (120..121)	tCOMMA ]
[ (122..123)	tINTEGER 0]
[ (123..124)	tRPAREN ]
[ (133..136)	tIDENTIFIER arr]
[ (136..137)	tDOT ]
[ (137..140)	tIDENTIFIER set]
[ (140..141)	tLPAREN ]
[ (141..142)	tINTEGER 1]
[ (142..143)	tCOMMA ]
[ (144..145)	tINTEGER 1]
[ (145..146)	tRPAREN ]
[ (155..158)	tIDENTIFIER arr]
[ (158..159)	tDOT ]
[ (159..162)	tIDENTIFIER set]
[ (162..163)	tLPAREN ]
[ (163..164)	tINTEGER 2]
[ (164..165)	tCOMMA ]
[ (166..167)	tINTEGER 2]
[ (167..168)	tRPAREN ]
[ (177..180)	tIDENTIFIER arr]
[ (180..181)	tDOT ]
[ (181..184)	tIDENTIFIER set]
[ (184..185)	tLPAREN ]
[ (185..186)	tINTEGER 3]
[ (186..187)	tCOMMA ]
[ (188..189)	tINTEGER 3]
[ (189..190)	tRPAREN ]
[ (199..202)	tIDENTIFIER arr]
[ (202..203)	tDOT ]
[ (203..206)	tIDENTIFIER set]
[ (206..207)	tLPAREN ]
[ (207..208)	tINTEGER 4]
[ (208..209)	tCOMMA ]
[ (210..211)	tINTEGER 4]
[ (211..212)	tRPAREN ]
[ (221..227)	kRETURN ]
[ (228..234)	tIDENTIFIER MaxInt]
[ (234..235)	tLPAREN ]
[ (235..238)	tIDENTIFIER arr]
[ (238..239)	tRPAREN ]
[ (244..247)	kEND ]
[ (253..259)	kMETHOD ]
[ (260..266)	tIDENTIFIER MaxInt]
[ (266..267)	tLPAREN ]
[ (267..268)	tIDENTIFIER a]
[ (268..269)	tCOLON ]
[ (270..278)	tIDENTIFIER IntArray]
[ (278..279)	tRPAREN ]
[ (280..281)	tCOLON ]
[ (282..289)	tIDENTIFIER Integer]
[ (290..292)	kIS ]
[ (301..304)	kVAR ]
[ (305..308)	tIDENTIFIER max]
[ (309..310)	tCOLON ]
[ (311..318)	tIDENTIFIER Integer]
[ (318..319)	tDOT ]
[ (319..322)	tIDENTIFIER Min]
[ (331..334)	kVAR ]
[ (335..336)	tIDENTIFIER i]
[ (337..338)	tCOLON ]
[ (339..346)	tIDENTIFIER Integer]
[ (346..347)	tLPAREN ]
[ (347..348)	tINTEGER 1]
[ (348..349)	tRPAREN ]
[ (358..363)	kWHILE ]
[ (364..365)	tIDENTIFIER i]
[ (365..366)	tDOT ]
[ (366..370)	tIDENTIFIER Less]
[ (370..371)	tLPAREN ]
[ (371..372)	tIDENTIFIER a]
[ (372..373)	tDOT ]
[ (373..379)	tIDENTIFIER Length]
[ (379..380)	tRPAREN ]
[ (381..385)	kLOOP ]
[ (398..400)	kIF ]
[ (401..402)	tIDENTIFIER a]
[ (402..403)	tDOT ]
[ (403..406)	tIDENTIFIER get]
[ (406..407)	tLPAREN ]
[ (407..408)	tIDENTIFIER i]
[ (408..409)	tRPAREN ]
[ (409..410)	tDOT ]
[ (410..417)	tIDENTIFIER Greater]
[ (417..418)	tLPAREN ]
[ (418..421)	tIDENTIFIER max]
[ (421..422)	tRPAREN ]
[ (423..427)	kTHEN ]
[ (444..447)	tIDENTIFIER max]
[ (448..450)	tASSIGN ]
[ (451..454)	tIDENTIFIER get]
[ (454..455)	tLPAREN ]
[ (455..456)	tIDENTIFIER i]
[ (456..457)	tRPAREN ]
[ (470..473)	kEND ]
[ (486..487)	tIDENTIFIER i]
[ (488..490)	tASSIGN ]
[ (491..492)	tIDENTIFIER i]
[ (492..493)	tDOT ]
[ (493..497)	tIDENTIFIER Plus]
[ (497..498)	tLPAREN ]
[ (498..499)	tINTEGER 1]
[ (499..500)	tRPAREN ]
[ (509..512)	kEND ]
[ (521..527)	kRETURN ]
[ (528..531)	tIDENTIFIER max]
[ (536..539)	kEND ]
[ (540..543)	kEND ]
[ (544..544)	EOF ]
